node_modules/sonner/dist/index.d.ts(1,8): error TS1259: Module '"C:/Users/vinic/OneDrive/Documentos/Alura/imobcheck/node_modules/@types/react/index"' can only be default-imported using the 'esModuleInterop' flag
src/app/dashboard/settings/page.tsx(4,87): error TS2307: Cannot find module '@/components/ui/card' or its corresponding type declarations.
src/app/dashboard/settings/page.tsx(5,24): error TS2307: Cannot find module '@/components/ui/button' or its corresponding type declarations.
src/app/dashboard/settings/page.tsx(6,23): error TS2307: Cannot find module '@/components/ui/input' or its corresponding type declarations.
src/app/dashboard/settings/page.tsx(7,23): error TS2307: Cannot find module '@/components/ui/label' or its corresponding type declarations.
src/app/dashboard/settings/page.tsx(8,97): error TS2307: Cannot find module '@/components/ui/breadcrumb' or its corresponding type declarations.
src/app/dashboard/settings/page.tsx(10,25): error TS2307: Cannot find module '@/components/auth/auth-provider' or its corresponding type declarations.
src/app/dashboard/settings/page.tsx(11,26): error TS2307: Cannot find module '@/lib/supabase' or its corresponding type declarations.
src/app/dashboard/settings/page.tsx(12,56): error TS2307: Cannot find module '@/app/actions/settings-actions' or its corresponding type declarations.
src/app/dashboard/settings/page.tsx(13,24): error TS2307: Cannot find module '@/types' or its corresponding type declarations.
src/app/dashboard/settings/page.tsx(62,19): error TS17004: Cannot use JSX unless the '--jsx' flag is provided.
src/app/dashboard/settings/page.tsx(72,23): error TS17004: Cannot use JSX unless the '--jsx' flag is provided.
src/app/dashboard/settings/page.tsx(83,27): error TS17004: Cannot use JSX unless the '--jsx' flag is provided.
src/app/dashboard/settings/page.tsx(95,27): error TS17004: Cannot use JSX unless the '--jsx' flag is provided.
src/app/dashboard/settings/page.tsx(116,23): error TS17004: Cannot use JSX unless the '--jsx' flag is provided.
src/app/dashboard/settings/page.tsx(122,23): error TS17004: Cannot use JSX unless the '--jsx' flag is provided.
src/app/dashboard/settings/page.tsx(138,23): error TS17004: Cannot use JSX unless the '--jsx' flag is provided.
src/app/dashboard/settings/page.tsx(147,23): error TS17004: Cannot use JSX unless the '--jsx' flag is provided.
src/app/dashboard/settings/page.tsx(162,23): error TS17004: Cannot use JSX unless the '--jsx' flag is provided.
src/app/dashboard/settings/page.tsx(167,23): error TS17004: Cannot use JSX unless the '--jsx' flag is provided.
src/app/dashboard/settings/page.tsx(180,13): error TS17004: Cannot use JSX unless the '--jsx' flag is provided.
src/app/dashboard/settings/page.tsx(181,17): error TS17004: Cannot use JSX unless the '--jsx' flag is provided.
src/app/dashboard/settings/page.tsx(182,17): error TS17004: Cannot use JSX unless the '--jsx' flag is provided.
src/app/dashboard/settings/page.tsx(188,9): error TS17004: Cannot use JSX unless the '--jsx' flag is provided.
src/app/dashboard/settings/page.tsx(190,13): error TS17004: Cannot use JSX unless the '--jsx' flag is provided.
src/app/dashboard/settings/page.tsx(191,17): error TS17004: Cannot use JSX unless the '--jsx' flag is provided.
src/app/dashboard/settings/page.tsx(192,21): error TS17004: Cannot use JSX unless the '--jsx' flag is provided.
src/app/dashboard/settings/page.tsx(193,25): error TS17004: Cannot use JSX unless the '--jsx' flag is provided.
src/app/dashboard/settings/page.tsx(194,29): error TS17004: Cannot use JSX unless the '--jsx' flag is provided.
src/app/dashboard/settings/page.tsx(195,33): error TS17004: Cannot use JSX unless the '--jsx' flag is provided.
src/app/dashboard/settings/page.tsx(197,29): error TS17004: Cannot use JSX unless the '--jsx' flag is provided.
src/app/dashboard/settings/page.tsx(198,29): error TS17004: Cannot use JSX unless the '--jsx' flag is provided.
src/app/dashboard/settings/page.tsx(199,33): error TS17004: Cannot use JSX unless the '--jsx' flag is provided.
src/app/dashboard/settings/page.tsx(203,21): error TS17004: Cannot use JSX unless the '--jsx' flag is provided.
src/app/dashboard/settings/page.tsx(204,25): error TS17004: Cannot use JSX unless the '--jsx' flag is provided.
src/app/dashboard/settings/page.tsx(205,25): error TS17004: Cannot use JSX unless the '--jsx' flag is provided.
src/app/dashboard/settings/page.tsx(210,13): error TS17004: Cannot use JSX unless the '--jsx' flag is provided.
src/app/dashboard/settings/page.tsx(212,17): error TS17004: Cannot use JSX unless the '--jsx' flag is provided.
src/app/dashboard/settings/page.tsx(213,21): error TS17004: Cannot use JSX unless the '--jsx' flag is provided.
src/app/dashboard/settings/page.tsx(214,25): error TS17004: Cannot use JSX unless the '--jsx' flag is provided.
src/app/dashboard/settings/page.tsx(215,29): error TS17004: Cannot use JSX unless the '--jsx' flag is provided.
src/app/dashboard/settings/page.tsx(216,33): error TS17004: Cannot use JSX unless the '--jsx' flag is provided.
src/app/dashboard/settings/page.tsx(218,29): error TS17004: Cannot use JSX unless the '--jsx' flag is provided.
src/app/dashboard/settings/page.tsx(219,33): error TS17004: Cannot use JSX unless the '--jsx' flag is provided.
src/app/dashboard/settings/page.tsx(220,33): error TS17004: Cannot use JSX unless the '--jsx' flag is provided.
src/app/dashboard/settings/page.tsx(224,21): error TS17004: Cannot use JSX unless the '--jsx' flag is provided.
src/app/dashboard/settings/page.tsx(225,25): error TS17004: Cannot use JSX unless the '--jsx' flag is provided.
src/app/dashboard/settings/page.tsx(226,29): error TS17004: Cannot use JSX unless the '--jsx' flag is provided.
src/app/dashboard/settings/page.tsx(227,33): error TS17004: Cannot use JSX unless the '--jsx' flag is provided.
src/app/dashboard/settings/page.tsx(228,50): error TS17004: Cannot use JSX unless the '--jsx' flag is provided.
src/app/dashboard/settings/page.tsx(230,33): error TS17004: Cannot use JSX unless the '--jsx' flag is provided.
src/app/dashboard/settings/page.tsx(239,29): error TS17004: Cannot use JSX unless the '--jsx' flag is provided.
src/app/dashboard/settings/page.tsx(240,33): error TS17004: Cannot use JSX unless the '--jsx' flag is provided.
src/app/dashboard/settings/page.tsx(241,33): error TS17004: Cannot use JSX unless the '--jsx' flag is provided.
src/app/dashboard/settings/page.tsx(247,41): error TS17004: Cannot use JSX unless the '--jsx' flag is provided.
src/app/dashboard/settings/page.tsx(257,25): error TS17004: Cannot use JSX unless the '--jsx' flag is provided.
src/app/dashboard/settings/page.tsx(258,29): error TS17004: Cannot use JSX unless the '--jsx' flag is provided.
src/app/dashboard/settings/page.tsx(259,33): error TS17004: Cannot use JSX unless the '--jsx' flag is provided.
src/app/dashboard/settings/page.tsx(260,33): error TS17004: Cannot use JSX unless the '--jsx' flag is provided.
src/app/dashboard/settings/page.tsx(261,37): error TS17004: Cannot use JSX unless the '--jsx' flag is provided.
src/app/dashboard/settings/page.tsx(262,37): error TS17004: Cannot use JSX unless the '--jsx' flag is provided.
src/app/dashboard/settings/page.tsx(272,29): error TS17004: Cannot use JSX unless the '--jsx' flag is provided.
src/app/dashboard/settings/page.tsx(273,33): error TS17004: Cannot use JSX unless the '--jsx' flag is provided.
src/app/dashboard/settings/page.tsx(274,33): error TS17004: Cannot use JSX unless the '--jsx' flag is provided.
src/app/dashboard/settings/page.tsx(275,37): error TS17004: Cannot use JSX unless the '--jsx' flag is provided.
src/app/dashboard/settings/page.tsx(276,37): error TS17004: Cannot use JSX unless the '--jsx' flag is provided.
src/app/dashboard/settings/page.tsx(282,45): error TS17004: Cannot use JSX unless the '--jsx' flag is provided.
src/app/dashboard/settings/page.tsx(293,25): error TS17004: Cannot use JSX unless the '--jsx' flag is provided.
src/app/dashboard/settings/page.tsx(294,29): error TS17004: Cannot use JSX unless the '--jsx' flag is provided.
src/app/dashboard/settings/page.tsx(295,29): error TS17004: Cannot use JSX unless the '--jsx' flag is provided.
src/app/dashboard/settings/page.tsx(296,33): error TS17004: Cannot use JSX unless the '--jsx' flag is provided.
src/app/dashboard/settings/page.tsx(297,33): error TS17004: Cannot use JSX unless the '--jsx' flag is provided.
src/app/dashboard/settings/page.tsx(307,21): error TS17004: Cannot use JSX unless the '--jsx' flag is provided.
src/app/dashboard/settings/page.tsx(308,25): error TS17004: Cannot use JSX unless the '--jsx' flag is provided.
src/app/dashboard/settings/page.tsx(316,25): error TS17004: Cannot use JSX unless the '--jsx' flag is provided.
src/app/dashboard/settings/page.tsx(321,39): error TS17004: Cannot use JSX unless the '--jsx' flag is provided.
src/app/dashboard/settings/page.tsx(328,17): error TS17004: Cannot use JSX unless the '--jsx' flag is provided.
src/app/dashboard/settings/page.tsx(329,21): error TS17004: Cannot use JSX unless the '--jsx' flag is provided.
src/app/dashboard/settings/page.tsx(330,25): error TS17004: Cannot use JSX unless the '--jsx' flag is provided.
src/app/dashboard/settings/page.tsx(331,29): error TS17004: Cannot use JSX unless the '--jsx' flag is provided.
src/app/dashboard/settings/page.tsx(332,33): error TS17004: Cannot use JSX unless the '--jsx' flag is provided.
src/app/dashboard/settings/page.tsx(334,29): error TS17004: Cannot use JSX unless the '--jsx' flag is provided.
src/app/dashboard/settings/page.tsx(335,33): error TS17004: Cannot use JSX unless the '--jsx' flag is provided.
src/app/dashboard/settings/page.tsx(336,33): error TS17004: Cannot use JSX unless the '--jsx' flag is provided.
src/app/dashboard/settings/page.tsx(340,21): error TS17004: Cannot use JSX unless the '--jsx' flag is provided.
src/app/dashboard/settings/page.tsx(341,25): error TS17004: Cannot use JSX unless the '--jsx' flag is provided.
src/app/dashboard/settings/page.tsx(342,29): error TS17004: Cannot use JSX unless the '--jsx' flag is provided.
src/app/dashboard/settings/page.tsx(343,33): error TS17004: Cannot use JSX unless the '--jsx' flag is provided.
src/app/dashboard/settings/page.tsx(350,33): error TS17004: Cannot use JSX unless the '--jsx' flag is provided.
src/app/dashboard/settings/page.tsx(355,41): error TS17004: Cannot use JSX unless the '--jsx' flag is provided.
src/app/dashboard/settings/page.tsx(357,41): error TS17004: Cannot use JSX unless the '--jsx' flag is provided.
src/app/dashboard/settings/page.tsx(358,45): error TS17004: Cannot use JSX unless the '--jsx' flag is provided.
src/app/dashboard/settings/page.tsx(359,45): error TS17004: Cannot use JSX unless the '--jsx' flag is provided.
src/app/dashboard/settings/page.tsx(363,41): error TS17004: Cannot use JSX unless the '--jsx' flag is provided.
src/app/dashboard/settings/page.tsx(364,45): error TS17004: Cannot use JSX unless the '--jsx' flag is provided.
src/app/dashboard/settings/page.tsx(368,33): error TS17004: Cannot use JSX unless the '--jsx' flag is provided.
src/app/dashboard/settings/page.tsx(372,37): error TS17004: Cannot use JSX unless the '--jsx' flag is provided.
src/app/dashboard/settings/page.tsx(375,29): error TS17004: Cannot use JSX unless the '--jsx' flag is provided.
src/app/dashboard/settings/page.tsx(376,33): error TS17004: Cannot use JSX unless the '--jsx' flag is provided.
src/app/dashboard/settings/page.tsx(377,37): error TS17004: Cannot use JSX unless the '--jsx' flag is provided.
src/app/dashboard/settings/page.tsx(378,37): error TS17004: Cannot use JSX unless the '--jsx' flag is provided.
src/app/dashboard/settings/page.tsx(379,37): error TS17004: Cannot use JSX unless the '--jsx' flag is provided.
src/app/dashboard/settings/page.tsx(381,33): error TS17004: Cannot use JSX unless the '--jsx' flag is provided.
src/app/dashboard/settings/page.tsx(382,37): error TS17004: Cannot use JSX unless the '--jsx' flag is provided.
src/app/dashboard/settings/page.tsx(383,41): error TS17004: Cannot use JSX unless the '--jsx' flag is provided.
src/app/dashboard/settings/page.tsx(384,41): error TS17004: Cannot use JSX unless the '--jsx' flag is provided.
src/app/dashboard/settings/page.tsx(386,37): error TS17004: Cannot use JSX unless the '--jsx' flag is provided.
src/app/dashboard/settings/page.tsx(387,41): error TS17004: Cannot use JSX unless the '--jsx' flag is provided.
src/app/dashboard/settings/page.tsx(388,41): error TS17004: Cannot use JSX unless the '--jsx' flag is provided.
src/app/dashboard/settings/page.tsx(390,37): error TS17004: Cannot use JSX unless the '--jsx' flag is provided.
src/app/dashboard/settings/page.tsx(391,41): error TS17004: Cannot use JSX unless the '--jsx' flag is provided.
src/app/dashboard/settings/page.tsx(392,41): error TS17004: Cannot use JSX unless the '--jsx' flag is provided.
src/app/dashboard/settings/page.tsx(395,33): error TS17004: Cannot use JSX unless the '--jsx' flag is provided.
